export const snapshot = {};

snapshot[`global > FindMany > Select Clause > selecting email only returns email field 1`] = `[]`;

snapshot[`global > FindMany > Where Clause > email equals "fakeemail" 1`] = `[]`;

snapshot[`global > FindMany > Where Clause > email equals null 1`] = `[]`;

snapshot[`global > FindMany > Where Clause > email NOT equal null 1`] = `[]`;

snapshot[`global > FindMany > Where Clause > followercount equal 123 1`] = `[]`;

snapshot[`global > FindMany > Where Clause > email not equal "fakeemail" 1`] = `[]`;
